[debug] [2026-08-23T11:27:25.260Z] : 
[debug] [2026-08-23T11:27:25.268Z] : ----------------------------------------------------------------------
[debug] [2026-08-23T11:27:25.269Z] : Command:      C:\Program Files\nodejs\node.exe C:\Users\Aditi Kala\AppData\Roaming\npm\node_modules\zcatalyst-cli\lib\bin\catalyst.js deploy
[debug] [2026-08-23T11:27:25.270Z] : CLI Version:  1.27.0
[debug] [2026-08-23T11:27:25.271Z] : Platform:     win32
[debug] [2026-08-23T11:27:25.272Z] : Node Version: v22.22.3
[debug] [2026-08-23T11:27:25.272Z] : Time:         Sun Aug 23 2026 16:57:25 GMT+0530 (India Standard Time)
[debug] [2026-08-23T11:27:25.272Z] : ----------------------------------------------------------------------
[debug] [2026-08-23T11:27:25.272Z] : 
[debug] [2026-08-23T11:28:26.961Z] : > authorizing via signed-in user option
[debug] [2026-08-23T11:28:26.965Z] : > command requires scopes: ["ZohoCatalyst.projects.ALL","ZohoCatalyst.functions.ALL","ZohoCatalyst.webapp.ALL","ZohoCatalyst.appsail.Update"]
[debug] [2026-08-23T11:28:27.429Z] : > refreshing access token <
[debug] [2026-08-23T11:28:27.438Z] : >>>> HTTP REQUEST : POST https://accounts.zoho.in/oauth/v2/token 
<request body omitted>

[debug] [2026-08-23T11:28:27.630Z] : <<<< HTTP RESPONSE : 200
Response Headers: {"server":"ZGS","date":"Sun, 23 Aug 2026 11:28:27 GMT","content-type":"application/json;charset=UTF-8","content-length":"2523","connection":"keep-alive","cache-control":"no-store","x-content-type-options":"nosniff","pragma":"no-cache","x-frame-options":"SAMEORIGIN","vary":"accept-encoding","content-language":"en-US","strict-transport-security":"max-age=64072000; includeSubDomains; preload"}

[debug] [2026-08-23T11:28:27.785Z] : >>>> HTTP REQUEST : GET https://api.catalyst.zoho.in/baas/v1/project/46554000000013049 

[debug] [2026-08-23T11:28:28.097Z] : <<<< HTTP RESPONSE : 200
Response Headers: {"server":"ZGS","date":"Sun, 23 Aug 2026 11:28:28 GMT","content-type":"application/vnd.catalyst.v2+json","transfer-encoding":"chunked","connection":"keep-alive","x-content-type-options":"nosniff","cache-control":"private,no-cache,no-store,max-age=0,must-revalidate","pragma":"no-cache","expires":"Thu, 01 Jan 1970 00:00:00 GMT","x-frame-options":"DENY","strict-transport-security":"max-age=64072000; includeSubDomains; preload"}

[debug] [2026-08-23T11:28:28.102Z] : >>>> HTTP REQUEST : GET https://api.catalyst.zoho.in/baas/v1/project/46554000000013049/environment 

[debug] [2026-08-23T11:28:28.170Z] : <<<< HTTP RESPONSE : 200
Response Headers: {"server":"ZGS","date":"Sun, 23 Aug 2026 11:28:28 GMT","content-type":"application/vnd.catalyst.v2+json","transfer-encoding":"chunked","connection":"keep-alive","x-content-type-options":"nosniff","cache-control":"private,no-cache,no-store,max-age=0,must-revalidate","pragma":"no-cache","expires":"Thu, 01 Jan 1970 00:00:00 GMT","x-frame-options":"DENY","strict-transport-security":"max-age=64072000; includeSubDomains; preload"}

